---
http_interactions:
- request:
    method: get
    uri: http://ps.pndsn.com/publish/pub-a-mock-key/sub-a-mock-key/0/get-chat8/0/%22Hello%20world%201%22?auth=ruby-test-auth-client-one&ortt=%7B%22t%22:16703307459348622%7D&pnsdk=PubNub-Ruby/5.1.2&seqn=1&uuid=ruby-test-uuid-client-one
    body:
      encoding: UTF-8
      string: ''
    headers:
      User-Agent:
      - HTTPClient/1.0 (2.8.3, ruby 3.0.0 (2020-12-25))
      Accept:
      - "*/*"
      Date:
      - Tue, 06 Dec 2022 12:45:45 GMT
  response:
    status:
      code: 200
      message: OK
    headers:
      Date:
      - Tue, 06 Dec 2022 12:45:46 GMT
      Content-Type:
      - text/javascript; charset="UTF-8"
      Content-Length:
      - '30'
      Connection:
      - keep-alive
      Cache-Control:
      - no-cache
      Access-Control-Allow-Origin:
      - "*"
      Access-Control-Allow-Methods:
      - GET
    body:
      encoding: UTF-8
      string: '[1,"Sent","16703307461212395"]'
  recorded_at: Tue, 06 Dec 2022 12:45:46 GMT
- request:
    method: get
    uri: http://ps.pndsn.com/publish/pub-a-mock-key/sub-a-mock-key/0/get-chat8/0/%22Hello%20world%202%22?auth=ruby-test-auth-client-one&l_pub=0.116&ortt=%7B%22t%22:16703307480543460%7D&pnsdk=PubNub-Ruby/5.1.2&seqn=2&uuid=ruby-test-uuid-client-one
    body:
      encoding: UTF-8
      string: ''
    headers:
      User-Agent:
      - HTTPClient/1.0 (2.8.3, ruby 3.0.0 (2020-12-25))
      Accept:
      - "*/*"
      Date:
      - Tue, 06 Dec 2022 12:45:48 GMT
  response:
    status:
      code: 200
      message: OK
    headers:
      Date:
      - Tue, 06 Dec 2022 12:45:48 GMT
      Content-Type:
      - text/javascript; charset="UTF-8"
      Content-Length:
      - '30'
      Connection:
      - keep-alive
      Cache-Control:
      - no-cache
      Access-Control-Allow-Origin:
      - "*"
      Access-Control-Allow-Methods:
      - GET
    body:
      encoding: UTF-8
      string: '[1,"Sent","16703307481706612"]'
  recorded_at: Tue, 06 Dec 2022 12:45:48 GMT
- request:
    method: get
    uri: http://ps.pndsn.com/publish/pub-a-mock-key/sub-a-mock-key/0/get-chat8/0/%22Hello%20world%203%22?auth=ruby-test-auth-client-one&l_pub=0.046&ortt=%7B%22t%22:16703307491068570%7D&pnsdk=PubNub-Ruby/5.1.2&seqn=3&uuid=ruby-test-uuid-client-one
    body:
      encoding: UTF-8
      string: ''
    headers:
      User-Agent:
      - HTTPClient/1.0 (2.8.3, ruby 3.0.0 (2020-12-25))
      Accept:
      - "*/*"
      Date:
      - Tue, 06 Dec 2022 12:45:49 GMT
  response:
    status:
      code: 200
      message: OK
    headers:
      Date:
      - Tue, 06 Dec 2022 12:45:49 GMT
      Content-Type:
      - text/javascript; charset="UTF-8"
      Content-Length:
      - '30'
      Connection:
      - keep-alive
      Cache-Control:
      - no-cache
      Access-Control-Allow-Origin:
      - "*"
      Access-Control-Allow-Methods:
      - GET
    body:
      encoding: UTF-8
      string: '[1,"Sent","16703307492166434"]'
  recorded_at: Tue, 06 Dec 2022 12:45:49 GMT
- request:
    method: get
    uri: http://ps.pndsn.com/publish/pub-a-mock-key/sub-a-mock-key/0/get-chat8/0/%22Hello%20world%204%22?auth=ruby-test-auth-client-one&l_pub=0.037&ortt=%7B%22t%22:16703307501459908%7D&pnsdk=PubNub-Ruby/5.1.2&seqn=4&uuid=ruby-test-uuid-client-one
    body:
      encoding: UTF-8
      string: ''
    headers:
      User-Agent:
      - HTTPClient/1.0 (2.8.3, ruby 3.0.0 (2020-12-25))
      Accept:
      - "*/*"
      Date:
      - Tue, 06 Dec 2022 12:45:50 GMT
  response:
    status:
      code: 200
      message: OK
    headers:
      Date:
      - Tue, 06 Dec 2022 12:45:50 GMT
      Content-Type:
      - text/javascript; charset="UTF-8"
      Content-Length:
      - '30'
      Connection:
      - keep-alive
      Cache-Control:
      - no-cache
      Access-Control-Allow-Origin:
      - "*"
      Access-Control-Allow-Methods:
      - GET
    body:
      encoding: UTF-8
      string: '[1,"Sent","16703307502669558"]'
  recorded_at: Tue, 06 Dec 2022 12:45:50 GMT
- request:
    method: post
    uri: http://ps.pndsn.com/v1/message-actions/sub-a-mock-key/channel/get-chat8/message/16703307481706612?auth=ruby-test-auth-client-one&pnsdk=PubNub-Ruby/5.1.2&uuid=ruby-test-uuid-client-one
    body:
      encoding: UTF-8
      string: '{"type":"emotion_type_2","value":"angry"}'
    headers:
      User-Agent:
      - HTTPClient/1.0 (2.8.3, ruby 3.0.0 (2020-12-25))
      Accept:
      - "*/*"
      Date:
      - Tue, 06 Dec 2022 12:45:51 GMT
      Content-Type:
      - application/json
  response:
    status:
      code: 200
      message: OK
    headers:
      Date:
      - Tue, 06 Dec 2022 12:45:51 GMT
      Content-Type:
      - text/javascript; charset="UTF-8"
      Content-Length:
      - '187'
      Connection:
      - keep-alive
      Access-Control-Allow-Origin:
      - "*"
      Access-Control-Allow-Methods:
      - GET, POST, DELETE, OPTIONS
      Age:
      - '0'
      Cache-Control:
      - no-cache
      Accept-Ranges:
      - bytes
      Access-Control-Allow-Credentials:
      - 'true'
    body:
      encoding: UTF-8
      string: '{"status": 200, "data": {"messageTimetoken": "16703307481706612", "type":
        "emotion_type_2", "uuid": "ruby-test-uuid-client-one", "value": "angry", "actionTimetoken":
        "16703307513029340"}}'
  recorded_at: Tue, 06 Dec 2022 12:45:51 GMT
- request:
    method: post
    uri: http://ps.pndsn.com/v1/message-actions/sub-a-mock-key/channel/get-chat8/message/16703307492166434?auth=ruby-test-auth-client-one&l_msga=0.068&pnsdk=PubNub-Ruby/5.1.2&uuid=ruby-test-uuid-client-one
    body:
      encoding: UTF-8
      string: '{"type":"emotion_type_3","value":"surprised"}'
    headers:
      User-Agent:
      - HTTPClient/1.0 (2.8.3, ruby 3.0.0 (2020-12-25))
      Accept:
      - "*/*"
      Date:
      - Tue, 06 Dec 2022 12:45:53 GMT
      Content-Type:
      - application/json
  response:
    status:
      code: 200
      message: OK
    headers:
      Date:
      - Tue, 06 Dec 2022 12:45:53 GMT
      Content-Type:
      - text/javascript; charset="UTF-8"
      Content-Length:
      - '191'
      Connection:
      - keep-alive
      Access-Control-Allow-Origin:
      - "*"
      Access-Control-Allow-Methods:
      - GET, POST, DELETE, OPTIONS
      Age:
      - '0'
      Cache-Control:
      - no-cache
      Accept-Ranges:
      - bytes
      Access-Control-Allow-Credentials:
      - 'true'
    body:
      encoding: UTF-8
      string: '{"status": 200, "data": {"messageTimetoken": "16703307492166434", "type":
        "emotion_type_3", "uuid": "ruby-test-uuid-client-one", "value": "surprised",
        "actionTimetoken": "16703307533831170"}}'
  recorded_at: Tue, 06 Dec 2022 12:45:53 GMT
- request:
    method: post
    uri: http://ps.pndsn.com/v1/message-actions/sub-a-mock-key/channel/get-chat8/message/16703307502669558?auth=ruby-test-auth-client-one&l_msga=0.079&pnsdk=PubNub-Ruby/5.1.2&uuid=ruby-test-uuid-client-one
    body:
      encoding: UTF-8
      string: '{"type":"emotion_type_4","value":"lol"}'
    headers:
      User-Agent:
      - HTTPClient/1.0 (2.8.3, ruby 3.0.0 (2020-12-25))
      Accept:
      - "*/*"
      Date:
      - Tue, 06 Dec 2022 12:45:55 GMT
      Content-Type:
      - application/json
  response:
    status:
      code: 200
      message: OK
    headers:
      Date:
      - Tue, 06 Dec 2022 12:45:55 GMT
      Content-Type:
      - text/javascript; charset="UTF-8"
      Content-Length:
      - '185'
      Connection:
      - keep-alive
      Access-Control-Allow-Origin:
      - "*"
      Access-Control-Allow-Methods:
      - GET, POST, DELETE, OPTIONS
      Age:
      - '0'
      Cache-Control:
      - no-cache
      Accept-Ranges:
      - bytes
      Access-Control-Allow-Credentials:
      - 'true'
    body:
      encoding: UTF-8
      string: '{"status": 200, "data": {"messageTimetoken": "16703307502669558", "type":
        "emotion_type_4", "uuid": "ruby-test-uuid-client-one", "value": "lol", "actionTimetoken":
        "16703307554583560"}}'
  recorded_at: Tue, 06 Dec 2022 12:45:55 GMT
- request:
    method: post
    uri: http://ps.pndsn.com/v1/message-actions/sub-a-mock-key/channel/get-chat8/message/16703307461212395?auth=ruby-test-auth-client-one&l_msga=0.063&pnsdk=PubNub-Ruby/5.1.2&uuid=ruby-test-uuid-client-one
    body:
      encoding: UTF-8
      string: '{"type":"emotion_type_1","value":"check"}'
    headers:
      User-Agent:
      - HTTPClient/1.0 (2.8.3, ruby 3.0.0 (2020-12-25))
      Accept:
      - "*/*"
      Date:
      - Tue, 06 Dec 2022 12:45:56 GMT
      Content-Type:
      - application/json
  response:
    status:
      code: 200
      message: OK
    headers:
      Date:
      - Tue, 06 Dec 2022 12:45:56 GMT
      Content-Type:
      - text/javascript; charset="UTF-8"
      Content-Length:
      - '187'
      Connection:
      - keep-alive
      Access-Control-Allow-Origin:
      - "*"
      Access-Control-Allow-Methods:
      - GET, POST, DELETE, OPTIONS
      Age:
      - '0'
      Cache-Control:
      - no-cache
      Accept-Ranges:
      - bytes
      Access-Control-Allow-Credentials:
      - 'true'
    body:
      encoding: UTF-8
      string: '{"status": 200, "data": {"messageTimetoken": "16703307461212395", "type":
        "emotion_type_1", "uuid": "ruby-test-uuid-client-one", "value": "check", "actionTimetoken":
        "16703307565312720"}}'
  recorded_at: Tue, 06 Dec 2022 12:45:56 GMT
- request:
    method: post
    uri: http://ps.pndsn.com/v1/message-actions/sub-a-mock-key/channel/get-chat8/message/16703307481706612?auth=ruby-test-auth-client-one&l_msga=0.054&pnsdk=PubNub-Ruby/5.1.2&uuid=ruby-test-uuid-client-one
    body:
      encoding: UTF-8
      string: '{"type":"emotion_type_2","value":"tada"}'
    headers:
      User-Agent:
      - HTTPClient/1.0 (2.8.3, ruby 3.0.0 (2020-12-25))
      Accept:
      - "*/*"
      Date:
      - Tue, 06 Dec 2022 12:45:58 GMT
      Content-Type:
      - application/json
  response:
    status:
      code: 200
      message: OK
    headers:
      Date:
      - Tue, 06 Dec 2022 12:45:58 GMT
      Content-Type:
      - text/javascript; charset="UTF-8"
      Content-Length:
      - '186'
      Connection:
      - keep-alive
      Access-Control-Allow-Origin:
      - "*"
      Access-Control-Allow-Methods:
      - GET, POST, DELETE, OPTIONS
      Age:
      - '0'
      Cache-Control:
      - no-cache
      Accept-Ranges:
      - bytes
      Access-Control-Allow-Credentials:
      - 'true'
    body:
      encoding: UTF-8
      string: '{"status": 200, "data": {"messageTimetoken": "16703307481706612", "type":
        "emotion_type_2", "uuid": "ruby-test-uuid-client-one", "value": "tada", "actionTimetoken":
        "16703307585896340"}}'
  recorded_at: Tue, 06 Dec 2022 12:45:58 GMT
- request:
    method: post
    uri: http://ps.pndsn.com/v1/message-actions/sub-a-mock-key/channel/get-chat8/message/16703307492166434?auth=ruby-test-auth-client-one&l_msga=0.053&pnsdk=PubNub-Ruby/5.1.2&uuid=ruby-test-uuid-client-one
    body:
      encoding: UTF-8
      string: '{"type":"emotion_type_3","value":"firework"}'
    headers:
      User-Agent:
      - HTTPClient/1.0 (2.8.3, ruby 3.0.0 (2020-12-25))
      Accept:
      - "*/*"
      Date:
      - Tue, 06 Dec 2022 12:45:59 GMT
      Content-Type:
      - application/json
  response:
    status:
      code: 200
      message: OK
    headers:
      Date:
      - Tue, 06 Dec 2022 12:45:59 GMT
      Content-Type:
      - text/javascript; charset="UTF-8"
      Content-Length:
      - '190'
      Connection:
      - keep-alive
      Access-Control-Allow-Origin:
      - "*"
      Access-Control-Allow-Methods:
      - GET, POST, DELETE, OPTIONS
      Age:
      - '0'
      Cache-Control:
      - no-cache
      Accept-Ranges:
      - bytes
      Access-Control-Allow-Credentials:
      - 'true'
    body:
      encoding: UTF-8
      string: '{"status": 200, "data": {"messageTimetoken": "16703307492166434", "type":
        "emotion_type_3", "uuid": "ruby-test-uuid-client-one", "value": "firework",
        "actionTimetoken": "16703307596485880"}}'
  recorded_at: Tue, 06 Dec 2022 12:45:59 GMT
- request:
    method: post
    uri: http://ps.pndsn.com/v1/message-actions/sub-a-mock-key/channel/get-chat8/message/16703307502669558?auth=ruby-test-auth-client-one&l_msga=0.058&pnsdk=PubNub-Ruby/5.1.2&uuid=ruby-test-uuid-client-one
    body:
      encoding: UTF-8
      string: '{"type":"emotion_type_4","value":"smile"}'
    headers:
      User-Agent:
      - HTTPClient/1.0 (2.8.3, ruby 3.0.0 (2020-12-25))
      Accept:
      - "*/*"
      Date:
      - Tue, 06 Dec 2022 12:46:01 GMT
      Content-Type:
      - application/json
  response:
    status:
      code: 200
      message: OK
    headers:
      Date:
      - Tue, 06 Dec 2022 12:46:01 GMT
      Content-Type:
      - text/javascript; charset="UTF-8"
      Content-Length:
      - '187'
      Connection:
      - keep-alive
      Access-Control-Allow-Origin:
      - "*"
      Access-Control-Allow-Methods:
      - GET, POST, DELETE, OPTIONS
      Age:
      - '0'
      Cache-Control:
      - no-cache
      Accept-Ranges:
      - bytes
      Access-Control-Allow-Credentials:
      - 'true'
    body:
      encoding: UTF-8
      string: '{"status": 200, "data": {"messageTimetoken": "16703307502669558", "type":
        "emotion_type_4", "uuid": "ruby-test-uuid-client-one", "value": "smile", "actionTimetoken":
        "16703307617287390"}}'
  recorded_at: Tue, 06 Dec 2022 12:46:01 GMT
- request:
    method: post
    uri: http://ps.pndsn.com/v1/message-actions/sub-a-mock-key/channel/get-chat8/message/16703307461212395?auth=ruby-test-auth-client-one&l_msga=0.092&pnsdk=PubNub-Ruby/5.1.2&uuid=ruby-test-uuid-client-one
    body:
      encoding: UTF-8
      string: '{"type":"emotion_type_1","value":"angry"}'
    headers:
      User-Agent:
      - HTTPClient/1.0 (2.8.3, ruby 3.0.0 (2020-12-25))
      Accept:
      - "*/*"
      Date:
      - Tue, 06 Dec 2022 12:46:03 GMT
      Content-Type:
      - application/json
  response:
    status:
      code: 200
      message: OK
    headers:
      Date:
      - Tue, 06 Dec 2022 12:46:03 GMT
      Content-Type:
      - text/javascript; charset="UTF-8"
      Content-Length:
      - '187'
      Connection:
      - keep-alive
      Access-Control-Allow-Origin:
      - "*"
      Access-Control-Allow-Methods:
      - GET, POST, DELETE, OPTIONS
      Age:
      - '0'
      Cache-Control:
      - no-cache
      Accept-Ranges:
      - bytes
      Access-Control-Allow-Credentials:
      - 'true'
    body:
      encoding: UTF-8
      string: '{"status": 200, "data": {"messageTimetoken": "16703307461212395", "type":
        "emotion_type_1", "uuid": "ruby-test-uuid-client-one", "value": "angry", "actionTimetoken":
        "16703307638172500"}}'
  recorded_at: Tue, 06 Dec 2022 12:46:03 GMT
- request:
    method: post
    uri: http://ps.pndsn.com/v1/message-actions/sub-a-mock-key/channel/get-chat8/message/16703307481706612?auth=ruby-test-auth-client-one&l_msga=0.091&pnsdk=PubNub-Ruby/5.1.2&uuid=ruby-test-uuid-client-one
    body:
      encoding: UTF-8
      string: '{"type":"emotion_type_2","value":"surprised"}'
    headers:
      User-Agent:
      - HTTPClient/1.0 (2.8.3, ruby 3.0.0 (2020-12-25))
      Accept:
      - "*/*"
      Date:
      - Tue, 06 Dec 2022 12:46:04 GMT
      Content-Type:
      - application/json
  response:
    status:
      code: 200
      message: OK
    headers:
      Date:
      - Tue, 06 Dec 2022 12:46:04 GMT
      Content-Type:
      - text/javascript; charset="UTF-8"
      Content-Length:
      - '191'
      Connection:
      - keep-alive
      Access-Control-Allow-Origin:
      - "*"
      Access-Control-Allow-Methods:
      - GET, POST, DELETE, OPTIONS
      Age:
      - '0'
      Cache-Control:
      - no-cache
      Accept-Ranges:
      - bytes
      Access-Control-Allow-Credentials:
      - 'true'
    body:
      encoding: UTF-8
      string: '{"status": 200, "data": {"messageTimetoken": "16703307481706612", "type":
        "emotion_type_2", "uuid": "ruby-test-uuid-client-one", "value": "surprised",
        "actionTimetoken": "16703307649086202"}}'
  recorded_at: Tue, 06 Dec 2022 12:46:04 GMT
- request:
    method: post
    uri: http://ps.pndsn.com/v1/message-actions/sub-a-mock-key/channel/get-chat8/message/16703307492166434?auth=ruby-test-auth-client-one&l_msga=0.052&pnsdk=PubNub-Ruby/5.1.2&uuid=ruby-test-uuid-client-one
    body:
      encoding: UTF-8
      string: '{"type":"emotion_type_3","value":"lol"}'
    headers:
      User-Agent:
      - HTTPClient/1.0 (2.8.3, ruby 3.0.0 (2020-12-25))
      Accept:
      - "*/*"
      Date:
      - Tue, 06 Dec 2022 12:46:05 GMT
      Content-Type:
      - application/json
  response:
    status:
      code: 200
      message: OK
    headers:
      Date:
      - Tue, 06 Dec 2022 12:46:06 GMT
      Content-Type:
      - text/javascript; charset="UTF-8"
      Content-Length:
      - '185'
      Connection:
      - keep-alive
      Access-Control-Allow-Origin:
      - "*"
      Access-Control-Allow-Methods:
      - GET, POST, DELETE, OPTIONS
      Age:
      - '0'
      Cache-Control:
      - no-cache
      Accept-Ranges:
      - bytes
      Access-Control-Allow-Credentials:
      - 'true'
    body:
      encoding: UTF-8
      string: '{"status": 200, "data": {"messageTimetoken": "16703307492166434", "type":
        "emotion_type_3", "uuid": "ruby-test-uuid-client-one", "value": "lol", "actionTimetoken":
        "16703307659619240"}}'
  recorded_at: Tue, 06 Dec 2022 12:46:06 GMT
- request:
    method: post
    uri: http://ps.pndsn.com/v1/message-actions/sub-a-mock-key/channel/get-chat8/message/16703307502669558?auth=ruby-test-auth-client-one&l_msga=0.179&pnsdk=PubNub-Ruby/5.1.2&uuid=ruby-test-uuid-client-one
    body:
      encoding: UTF-8
      string: '{"type":"emotion_type_4","value":"check"}'
    headers:
      User-Agent:
      - HTTPClient/1.0 (2.8.3, ruby 3.0.0 (2020-12-25))
      Accept:
      - "*/*"
      Date:
      - Tue, 06 Dec 2022 12:46:08 GMT
      Content-Type:
      - application/json
  response:
    status:
      code: 200
      message: OK
    headers:
      Date:
      - Tue, 06 Dec 2022 12:46:08 GMT
      Content-Type:
      - text/javascript; charset="UTF-8"
      Content-Length:
      - '187'
      Connection:
      - keep-alive
      Access-Control-Allow-Origin:
      - "*"
      Access-Control-Allow-Methods:
      - GET, POST, DELETE, OPTIONS
      Age:
      - '0'
      Cache-Control:
      - no-cache
      Accept-Ranges:
      - bytes
      Access-Control-Allow-Credentials:
      - 'true'
    body:
      encoding: UTF-8
      string: '{"status": 200, "data": {"messageTimetoken": "16703307502669558", "type":
        "emotion_type_4", "uuid": "ruby-test-uuid-client-one", "value": "check", "actionTimetoken":
        "16703307681512960"}}'
  recorded_at: Tue, 06 Dec 2022 12:46:08 GMT
- request:
    method: post
    uri: http://ps.pndsn.com/v1/message-actions/sub-a-mock-key/channel/get-chat8/message/16703307461212395?auth=ruby-test-auth-client-one&l_msga=0.058&pnsdk=PubNub-Ruby/5.1.2&uuid=ruby-test-uuid-client-one
    body:
      encoding: UTF-8
      string: '{"type":"emotion_type_1","value":"tada"}'
    headers:
      User-Agent:
      - HTTPClient/1.0 (2.8.3, ruby 3.0.0 (2020-12-25))
      Accept:
      - "*/*"
      Date:
      - Tue, 06 Dec 2022 12:46:10 GMT
      Content-Type:
      - application/json
  response:
    status:
      code: 200
      message: OK
    headers:
      Date:
      - Tue, 06 Dec 2022 12:46:10 GMT
      Content-Type:
      - text/javascript; charset="UTF-8"
      Content-Length:
      - '186'
      Connection:
      - keep-alive
      Access-Control-Allow-Origin:
      - "*"
      Access-Control-Allow-Methods:
      - GET, POST, DELETE, OPTIONS
      Age:
      - '0'
      Cache-Control:
      - no-cache
      Accept-Ranges:
      - bytes
      Access-Control-Allow-Credentials:
      - 'true'
    body:
      encoding: UTF-8
      string: '{"status": 200, "data": {"messageTimetoken": "16703307461212395", "type":
        "emotion_type_1", "uuid": "ruby-test-uuid-client-one", "value": "tada", "actionTimetoken":
        "16703307702035502"}}'
  recorded_at: Tue, 06 Dec 2022 12:46:10 GMT
- request:
    method: post
    uri: http://ps.pndsn.com/v1/message-actions/sub-a-mock-key/channel/get-chat8/message/16703307481706612?auth=ruby-test-auth-client-one&l_msga=0.063&pnsdk=PubNub-Ruby/5.1.2&uuid=ruby-test-uuid-client-one
    body:
      encoding: UTF-8
      string: '{"type":"emotion_type_2","value":"firework"}'
    headers:
      User-Agent:
      - HTTPClient/1.0 (2.8.3, ruby 3.0.0 (2020-12-25))
      Accept:
      - "*/*"
      Date:
      - Tue, 06 Dec 2022 12:46:12 GMT
      Content-Type:
      - application/json
  response:
    status:
      code: 200
      message: OK
    headers:
      Date:
      - Tue, 06 Dec 2022 12:46:12 GMT
      Content-Type:
      - text/javascript; charset="UTF-8"
      Content-Length:
      - '190'
      Connection:
      - keep-alive
      Access-Control-Allow-Origin:
      - "*"
      Access-Control-Allow-Methods:
      - GET, POST, DELETE, OPTIONS
      Age:
      - '0'
      Cache-Control:
      - no-cache
      Accept-Ranges:
      - bytes
      Access-Control-Allow-Credentials:
      - 'true'
    body:
      encoding: UTF-8
      string: '{"status": 200, "data": {"messageTimetoken": "16703307481706612", "type":
        "emotion_type_2", "uuid": "ruby-test-uuid-client-one", "value": "firework",
        "actionTimetoken": "16703307722836918"}}'
  recorded_at: Tue, 06 Dec 2022 12:46:12 GMT
- request:
    method: post
    uri: http://ps.pndsn.com/v1/message-actions/sub-a-mock-key/channel/get-chat8/message/16703307492166434?auth=ruby-test-auth-client-one&l_msga=0.051&pnsdk=PubNub-Ruby/5.1.2&uuid=ruby-test-uuid-client-one
    body:
      encoding: UTF-8
      string: '{"type":"emotion_type_3","value":"smile"}'
    headers:
      User-Agent:
      - HTTPClient/1.0 (2.8.3, ruby 3.0.0 (2020-12-25))
      Accept:
      - "*/*"
      Date:
      - Tue, 06 Dec 2022 12:46:14 GMT
      Content-Type:
      - application/json
  response:
    status:
      code: 200
      message: OK
    headers:
      Date:
      - Tue, 06 Dec 2022 12:46:14 GMT
      Content-Type:
      - text/javascript; charset="UTF-8"
      Content-Length:
      - '187'
      Connection:
      - keep-alive
      Access-Control-Allow-Origin:
      - "*"
      Access-Control-Allow-Methods:
      - GET, POST, DELETE, OPTIONS
      Age:
      - '0'
      Cache-Control:
      - no-cache
      Accept-Ranges:
      - bytes
      Access-Control-Allow-Credentials:
      - 'true'
    body:
      encoding: UTF-8
      string: '{"status": 200, "data": {"messageTimetoken": "16703307492166434", "type":
        "emotion_type_3", "uuid": "ruby-test-uuid-client-one", "value": "smile", "actionTimetoken":
        "16703307743350450"}}'
  recorded_at: Tue, 06 Dec 2022 12:46:14 GMT
- request:
    method: post
    uri: http://ps.pndsn.com/v1/message-actions/sub-a-mock-key/channel/get-chat8/message/16703307502669558?auth=ruby-test-auth-client-one&l_msga=0.071&pnsdk=PubNub-Ruby/5.1.2&uuid=ruby-test-uuid-client-one
    body:
      encoding: UTF-8
      string: '{"type":"emotion_type_4","value":"angry"}'
    headers:
      User-Agent:
      - HTTPClient/1.0 (2.8.3, ruby 3.0.0 (2020-12-25))
      Accept:
      - "*/*"
      Date:
      - Tue, 06 Dec 2022 12:46:16 GMT
      Content-Type:
      - application/json
  response:
    status:
      code: 200
      message: OK
    headers:
      Date:
      - Tue, 06 Dec 2022 12:46:16 GMT
      Content-Type:
      - text/javascript; charset="UTF-8"
      Content-Length:
      - '187'
      Connection:
      - keep-alive
      Access-Control-Allow-Origin:
      - "*"
      Access-Control-Allow-Methods:
      - GET, POST, DELETE, OPTIONS
      Age:
      - '0'
      Cache-Control:
      - no-cache
      Accept-Ranges:
      - bytes
      Access-Control-Allow-Credentials:
      - 'true'
    body:
      encoding: UTF-8
      string: '{"status": 200, "data": {"messageTimetoken": "16703307502669558", "type":
        "emotion_type_4", "uuid": "ruby-test-uuid-client-one", "value": "angry", "actionTimetoken":
        "16703307764291270"}}'
  recorded_at: Tue, 06 Dec 2022 12:46:16 GMT
- request:
    method: post
    uri: http://ps.pndsn.com/v1/message-actions/sub-a-mock-key/channel/get-chat8/message/16703307461212395?auth=ruby-test-auth-client-one&l_msga=0.067&pnsdk=PubNub-Ruby/5.1.2&uuid=ruby-test-uuid-client-one
    body:
      encoding: UTF-8
      string: '{"type":"emotion_type_1","value":"surprised"}'
    headers:
      User-Agent:
      - HTTPClient/1.0 (2.8.3, ruby 3.0.0 (2020-12-25))
      Accept:
      - "*/*"
      Date:
      - Tue, 06 Dec 2022 12:46:18 GMT
      Content-Type:
      - application/json
  response:
    status:
      code: 200
      message: OK
    headers:
      Date:
      - Tue, 06 Dec 2022 12:46:18 GMT
      Content-Type:
      - text/javascript; charset="UTF-8"
      Content-Length:
      - '191'
      Connection:
      - keep-alive
      Access-Control-Allow-Origin:
      - "*"
      Access-Control-Allow-Methods:
      - GET, POST, DELETE, OPTIONS
      Age:
      - '0'
      Cache-Control:
      - no-cache
      Accept-Ranges:
      - bytes
      Access-Control-Allow-Credentials:
      - 'true'
    body:
      encoding: UTF-8
      string: '{"status": 200, "data": {"messageTimetoken": "16703307461212395", "type":
        "emotion_type_1", "uuid": "ruby-test-uuid-client-one", "value": "surprised",
        "actionTimetoken": "16703307785034130"}}'
  recorded_at: Tue, 06 Dec 2022 12:46:18 GMT
- request:
    method: get
    uri: http://ps.pndsn.com/v1/message-actions/sub-a-mock-key/channel/get-chat8?auth=ruby-test-auth-client-one&end=16703307585896340&l_msga=0.069&limit=5&pnsdk=PubNub-Ruby/5.1.2&start=16703307743350450&uuid=ruby-test-uuid-client-one
    body:
      encoding: UTF-8
      string: ''
    headers:
      User-Agent:
      - HTTPClient/1.0 (2.8.3, ruby 3.0.0 (2020-12-25))
      Accept:
      - "*/*"
      Date:
      - Tue, 06 Dec 2022 12:46:19 GMT
  response:
    status:
      code: 200
      message: OK
    headers:
      Date:
      - Tue, 06 Dec 2022 12:46:19 GMT
      Content-Type:
      - text/javascript; charset="UTF-8"
      Content-Length:
      - '849'
      Connection:
      - keep-alive
      Access-Control-Allow-Origin:
      - "*"
      Access-Control-Allow-Methods:
      - GET, POST, DELETE, OPTIONS
      Age:
      - '0'
      Cache-Control:
      - no-cache
      Accept-Ranges:
      - bytes
      Access-Control-Allow-Credentials:
      - 'true'
    body:
      encoding: UTF-8
      string: '{"status": 200, "data": [{"messageTimetoken": "16703307481706612",
        "type": "emotion_type_2", "uuid": "ruby-test-uuid-client-one", "value": "surprised",
        "actionTimetoken": "16703307649086202"}, {"messageTimetoken": "16703307492166434",
        "type": "emotion_type_3", "uuid": "ruby-test-uuid-client-one", "value": "lol",
        "actionTimetoken": "16703307659619240"}, {"messageTimetoken": "16703307502669558",
        "type": "emotion_type_4", "uuid": "ruby-test-uuid-client-one", "value": "check",
        "actionTimetoken": "16703307681512960"}, {"messageTimetoken": "16703307461212395",
        "type": "emotion_type_1", "uuid": "ruby-test-uuid-client-one", "value": "tada",
        "actionTimetoken": "16703307702035502"}, {"messageTimetoken": "16703307481706612",
        "type": "emotion_type_2", "uuid": "ruby-test-uuid-client-one", "value": "firework",
        "actionTimetoken": "16703307722836918"}]}'
  recorded_at: Tue, 06 Dec 2022 12:46:19 GMT
recorded_with: VCR 6.0.0
